// Jest Snapshot v1, https://goo.gl/fbAQLP

exports[`App Component renders without crashing 1`] = `
ShallowWrapper {
  Symbol(enzyme.__root__): [Circular],
  Symbol(enzyme.__unrendered__): <App
    fetchStories={[Function]}
    fetchStoriesFirstPage={[Function]}
    hasMoreStores={false}
    isFetching={false}
    layout="list"
    page={1}
    stories={
        Array [
            Object {
              "by": "magoghm",
              "descendants": 41,
              "id": 18277531,
              "kids": Array [
                18277926,
                18277900,
                18278074,
                18277699,
                18277859,
                18277835,
                18277864,
              ],
              "score": 79,
              "time": 1540236259,
              "title": "AWS CEO Jassy follows Apple in calling for retraction of Chinese spy chip story",
              "type": "story",
              "url": "https://www.cnbc.com/2018/10/22/aws-ceo-jassy-follows-apple-calls-for-spy-chip-story-retraction.html",
            },
            Object {
              "by": "NN88",
              "descendants": 72,
              "id": 18276862,
              "kids": Array [
                18277851,
                18277773,
                18277336,
                18277638,
                18277523,
                18277196,
                18277173,
                18277302,
                18277409,
                18277700,
                18277870,
                18277390,
                18277646,
                18277581,
                18277721,
                18277324,
                18277689,
                18277514,
                18277389,
              ],
              "score": 105,
              "time": 1540231727,
              "title": "The Secretive Business of Facial-Recognition Software in Retail Stores",
              "type": "story",
              "url": "http://nymag.com/intelligencer/2018/10/retailers-are-using-facial-recognition-technology-too.html",
            },
          ]
    }
    storyIds={
        Array [
            18277531,
            18276862,
          ]
    }
    theme="dark"
/>,
  Symbol(enzyme.__renderer__): Object {
    "batchedUpdates": [Function],
    "getNode": [Function],
    "render": [Function],
    "simulateError": [Function],
    "simulateEvent": [Function],
    "unmount": [Function],
  },
  Symbol(enzyme.__node__): Object {
    "instance": null,
    "key": undefined,
    "nodeType": "class",
    "props": Object {
      "children": <div>
        <Connect(Nav) />
        <styled.div>
                <styled.div>
                        <styled.h1>
                                // Hacker News Reader
                                 
                                <styled.a
                                        href="https://github.com/gitconnected/hacker-news-reader"
                                        target="_blank"
                                >
                                        (build your own)
                                </styled.a>
                        </styled.h1>
                        <div>
                                <styled.a
                                        href="https://twitter.com/gitconnected"
                                        target="blank"
                                >
                                        <i
                                                className="fab fa-twitter"
                                        />
                                </styled.a>
                                <styled.a
                                        href="https://community.gitconnected.com"
                                        target="blank"
                                >
                                        <i
                                                className="fab fa-slack-hash"
                                        />
                                </styled.a>
                                <styled.a
                                        href="https://levelup.gitconnected.com"
                                        target="blank"
                                >
                                        <i
                                                className="fab fa-medium-m"
                                        />
                                </styled.a>
                                <styled.a
                                        href="https://www.facebook.com/gitconnectednetwork"
                                        target="blank"
                                >
                                        <i
                                                className="fab fa-facebook"
                                        />
                                </styled.a>
                                <styled.a
                                        href="https://gitconnected.com"
                                        target="blank"
                                >
                                        <i
                                                className="fas fa-link"
                                        />
                                </styled.a>
                        </div>
                </styled.div>
                <InfiniteScroll
                        dataLength={2}
                        disableBrowserPullToRefresh={true}
                        hasMore={false}
                        loader={<Loader />}
                        next={[Function]}
                        pullDownToRefreshContent={
                                <h3>
                                        Pull down to refresh
                                </h3>
                        }
                        pullDownToRefreshThreshold={100}
                        releaseToRefreshContent={
                                <h3>
                                        Release to refresh
                                </h3>
                        }
                        style={
                                Object {
                                        "height": "100%",
                                        "overflow": "visible",
                                      }
                        }
                >
                        <List
                                stories={
                                        Array [
                                                Object {
                                                  "by": "magoghm",
                                                  "descendants": 41,
                                                  "id": 18277531,
                                                  "kids": Array [
                                                    18277926,
                                                    18277900,
                                                    18278074,
                                                    18277699,
                                                    18277859,
                                                    18277835,
                                                    18277864,
                                                  ],
                                                  "score": 79,
                                                  "time": 1540236259,
                                                  "title": "AWS CEO Jassy follows Apple in calling for retraction of Chinese spy chip story",
                                                  "type": "story",
                                                  "url": "https://www.cnbc.com/2018/10/22/aws-ceo-jassy-follows-apple-calls-for-spy-chip-story-retraction.html",
                                                },
                                                Object {
                                                  "by": "NN88",
                                                  "descendants": 72,
                                                  "id": 18276862,
                                                  "kids": Array [
                                                    18277851,
                                                    18277773,
                                                    18277336,
                                                    18277638,
                                                    18277523,
                                                    18277196,
                                                    18277173,
                                                    18277302,
                                                    18277409,
                                                    18277700,
                                                    18277870,
                                                    18277390,
                                                    18277646,
                                                    18277581,
                                                    18277721,
                                                    18277324,
                                                    18277689,
                                                    18277514,
                                                    18277389,
                                                  ],
                                                  "score": 105,
                                                  "time": 1540231727,
                                                  "title": "The Secretive Business of Facial-Recognition Software in Retail Stores",
                                                  "type": "story",
                                                  "url": "http://nymag.com/intelligencer/2018/10/retailers-are-using-facial-recognition-technology-too.html",
                                                },
                                              ]
                                }
                        />
                </InfiniteScroll>
        </styled.div>
</div>,
      "theme": Object {
        "background": "#272727",
        "backgroundSecondary": "#393C3E",
        "border": "#272727",
        "text": "#bfbebe",
        "textSecondary": "#848886",
      },
    },
    "ref": null,
    "rendered": Object {
      "instance": null,
      "key": undefined,
      "nodeType": "host",
      "props": Object {
        "children": Array [
          <Connect(Nav) />,
          <styled.div>
            <styled.div>
                        <styled.h1>
                                    // Hacker News Reader
                                     
                                    <styled.a
                                                href="https://github.com/gitconnected/hacker-news-reader"
                                                target="_blank"
                                    >
                                                (build your own)
                                    </styled.a>
                        </styled.h1>
                        <div>
                                    <styled.a
                                                href="https://twitter.com/gitconnected"
                                                target="blank"
                                    >
                                                <i
                                                            className="fab fa-twitter"
                                                />
                                    </styled.a>
                                    <styled.a
                                                href="https://community.gitconnected.com"
                                                target="blank"
                                    >
                                                <i
                                                            className="fab fa-slack-hash"
                                                />
                                    </styled.a>
                                    <styled.a
                                                href="https://levelup.gitconnected.com"
                                                target="blank"
                                    >
                                                <i
                                                            className="fab fa-medium-m"
                                                />
                                    </styled.a>
                                    <styled.a
                                                href="https://www.facebook.com/gitconnectednetwork"
                                                target="blank"
                                    >
                                                <i
                                                            className="fab fa-facebook"
                                                />
                                    </styled.a>
                                    <styled.a
                                                href="https://gitconnected.com"
                                                target="blank"
                                    >
                                                <i
                                                            className="fas fa-link"
                                                />
                                    </styled.a>
                        </div>
            </styled.div>
            <InfiniteScroll
                        dataLength={2}
                        disableBrowserPullToRefresh={true}
                        hasMore={false}
                        loader={<Loader />}
                        next={[Function]}
                        pullDownToRefreshContent={
                                    <h3>
                                                Pull down to refresh
                                    </h3>
                        }
                        pullDownToRefreshThreshold={100}
                        releaseToRefreshContent={
                                    <h3>
                                                Release to refresh
                                    </h3>
                        }
                        style={
                                    Object {
                                                "height": "100%",
                                                "overflow": "visible",
                                              }
                        }
            >
                        <List
                                    stories={
                                                Array [
                                                            Object {
                                                              "by": "magoghm",
                                                              "descendants": 41,
                                                              "id": 18277531,
                                                              "kids": Array [
                                                                18277926,
                                                                18277900,
                                                                18278074,
                                                                18277699,
                                                                18277859,
                                                                18277835,
                                                                18277864,
                                                              ],
                                                              "score": 79,
                                                              "time": 1540236259,
                                                              "title": "AWS CEO Jassy follows Apple in calling for retraction of Chinese spy chip story",
                                                              "type": "story",
                                                              "url": "https://www.cnbc.com/2018/10/22/aws-ceo-jassy-follows-apple-calls-for-spy-chip-story-retraction.html",
                                                            },
                                                            Object {
                                                              "by": "NN88",
                                                              "descendants": 72,
                                                              "id": 18276862,
                                                              "kids": Array [
                                                                18277851,
                                                                18277773,
                                                                18277336,
                                                                18277638,
                                                                18277523,
                                                                18277196,
                                                                18277173,
                                                                18277302,
                                                                18277409,
                                                                18277700,
                                                                18277870,
                                                                18277390,
                                                                18277646,
                                                                18277581,
                                                                18277721,
                                                                18277324,
                                                                18277689,
                                                                18277514,
                                                                18277389,
                                                              ],
                                                              "score": 105,
                                                              "time": 1540231727,
                                                              "title": "The Secretive Business of Facial-Recognition Software in Retail Stores",
                                                              "type": "story",
                                                              "url": "http://nymag.com/intelligencer/2018/10/retailers-are-using-facial-recognition-technology-too.html",
                                                            },
                                                          ]
                                    }
                        />
            </InfiniteScroll>
</styled.div>,
        ],
      },
      "ref": null,
      "rendered": Array [
        Object {
          "instance": null,
          "key": undefined,
          "nodeType": "class",
          "props": Object {},
          "ref": null,
          "rendered": null,
          "type": [Function],
        },
        Object {
          "instance": null,
          "key": undefined,
          "nodeType": "class",
          "props": Object {
            "children": Array [
              <styled.div>
                <styled.h1>
                                // Hacker News Reader
                                 
                                <styled.a
                                                href="https://github.com/gitconnected/hacker-news-reader"
                                                target="_blank"
                                >
                                                (build your own)
                                </styled.a>
                </styled.h1>
                <div>
                                <styled.a
                                                href="https://twitter.com/gitconnected"
                                                target="blank"
                                >
                                                <i
                                                                className="fab fa-twitter"
                                                />
                                </styled.a>
                                <styled.a
                                                href="https://community.gitconnected.com"
                                                target="blank"
                                >
                                                <i
                                                                className="fab fa-slack-hash"
                                                />
                                </styled.a>
                                <styled.a
                                                href="https://levelup.gitconnected.com"
                                                target="blank"
                                >
                                                <i
                                                                className="fab fa-medium-m"
                                                />
                                </styled.a>
                                <styled.a
                                                href="https://www.facebook.com/gitconnectednetwork"
                                                target="blank"
                                >
                                                <i
                                                                className="fab fa-facebook"
                                                />
                                </styled.a>
                                <styled.a
                                                href="https://gitconnected.com"
                                                target="blank"
                                >
                                                <i
                                                                className="fas fa-link"
                                                />
                                </styled.a>
                </div>
</styled.div>,
              <InfiniteScroll
                dataLength={2}
                disableBrowserPullToRefresh={true}
                hasMore={false}
                loader={<Loader />}
                next={[Function]}
                pullDownToRefreshContent={
                                <h3>
                                                Pull down to refresh
                                </h3>
                }
                pullDownToRefreshThreshold={100}
                releaseToRefreshContent={
                                <h3>
                                                Release to refresh
                                </h3>
                }
                style={
                                Object {
                                                "height": "100%",
                                                "overflow": "visible",
                                              }
                }
>
                <List
                                stories={
                                                Array [
                                                                Object {
                                                                  "by": "magoghm",
                                                                  "descendants": 41,
                                                                  "id": 18277531,
                                                                  "kids": Array [
                                                                    18277926,
                                                                    18277900,
                                                                    18278074,
                                                                    18277699,
                                                                    18277859,
                                                                    18277835,
                                                                    18277864,
                                                                  ],
                                                                  "score": 79,
                                                                  "time": 1540236259,
                                                                  "title": "AWS CEO Jassy follows Apple in calling for retraction of Chinese spy chip story",
                                                                  "type": "story",
                                                                  "url": "https://www.cnbc.com/2018/10/22/aws-ceo-jassy-follows-apple-calls-for-spy-chip-story-retraction.html",
                                                                },
                                                                Object {
                                                                  "by": "NN88",
                                                                  "descendants": 72,
                                                                  "id": 18276862,
                                                                  "kids": Array [
                                                                    18277851,
                                                                    18277773,
                                                                    18277336,
                                                                    18277638,
                                                                    18277523,
                                                                    18277196,
                                                                    18277173,
                                                                    18277302,
                                                                    18277409,
                                                                    18277700,
                                                                    18277870,
                                                                    18277390,
                                                                    18277646,
                                                                    18277581,
                                                                    18277721,
                                                                    18277324,
                                                                    18277689,
                                                                    18277514,
                                                                    18277389,
                                                                  ],
                                                                  "score": 105,
                                                                  "time": 1540231727,
                                                                  "title": "The Secretive Business of Facial-Recognition Software in Retail Stores",
                                                                  "type": "story",
                                                                  "url": "http://nymag.com/intelligencer/2018/10/retailers-are-using-facial-recognition-technology-too.html",
                                                                },
                                                              ]
                                }
                />
</InfiniteScroll>,
            ],
          },
          "ref": null,
          "rendered": Array [
            Object {
              "instance": null,
              "key": undefined,
              "nodeType": "class",
              "props": Object {
                "children": Array [
                  <styled.h1>
                    // Hacker News Reader
                     
                    <styled.a
                                        href="https://github.com/gitconnected/hacker-news-reader"
                                        target="_blank"
                    >
                                        (build your own)
                    </styled.a>
</styled.h1>,
                  <div>
                    <styled.a
                                        href="https://twitter.com/gitconnected"
                                        target="blank"
                    >
                                        <i
                                                            className="fab fa-twitter"
                                        />
                    </styled.a>
                    <styled.a
                                        href="https://community.gitconnected.com"
                                        target="blank"
                    >
                                        <i
                                                            className="fab fa-slack-hash"
                                        />
                    </styled.a>
                    <styled.a
                                        href="https://levelup.gitconnected.com"
                                        target="blank"
                    >
                                        <i
                                                            className="fab fa-medium-m"
                                        />
                    </styled.a>
                    <styled.a
                                        href="https://www.facebook.com/gitconnectednetwork"
                                        target="blank"
                    >
                                        <i
                                                            className="fab fa-facebook"
                                        />
                    </styled.a>
                    <styled.a
                                        href="https://gitconnected.com"
                                        target="blank"
                    >
                                        <i
                                                            className="fas fa-link"
                                        />
                    </styled.a>
</div>,
                ],
              },
              "ref": null,
              "rendered": Array [
                Object {
                  "instance": null,
                  "key": undefined,
                  "nodeType": "class",
                  "props": Object {
                    "children": Array [
                      "// Hacker News Reader",
                      " ",
                      <styled.a
                        href="https://github.com/gitconnected/hacker-news-reader"
                        target="_blank"
>
                        (build your own)
</styled.a>,
                    ],
                  },
                  "ref": null,
                  "rendered": Array [
                    "// Hacker News Reader",
                    " ",
                    Object {
                      "instance": null,
                      "key": undefined,
                      "nodeType": "class",
                      "props": Object {
                        "children": "(build your own)",
                        "href": "https://github.com/gitconnected/hacker-news-reader",
                        "target": "_blank",
                      },
                      "ref": null,
                      "rendered": "(build your own)",
                      "type": [Function],
                    },
                  ],
                  "type": [Function],
                },
                Object {
                  "instance": null,
                  "key": undefined,
                  "nodeType": "host",
                  "props": Object {
                    "children": Array [
                      <styled.a
                        href="https://twitter.com/gitconnected"
                        target="blank"
>
                        <i
                                                className="fab fa-twitter"
                        />
</styled.a>,
                      <styled.a
                        href="https://community.gitconnected.com"
                        target="blank"
>
                        <i
                                                className="fab fa-slack-hash"
                        />
</styled.a>,
                      <styled.a
                        href="https://levelup.gitconnected.com"
                        target="blank"
>
                        <i
                                                className="fab fa-medium-m"
                        />
</styled.a>,
                      <styled.a
                        href="https://www.facebook.com/gitconnectednetwork"
                        target="blank"
>
                        <i
                                                className="fab fa-facebook"
                        />
</styled.a>,
                      <styled.a
                        href="https://gitconnected.com"
                        target="blank"
>
                        <i
                                                className="fas fa-link"
                        />
</styled.a>,
                    ],
                  },
                  "ref": null,
                  "rendered": Array [
                    Object {
                      "instance": null,
                      "key": undefined,
                      "nodeType": "class",
                      "props": Object {
                        "children": <i
                          className="fab fa-twitter"
/>,
                        "href": "https://twitter.com/gitconnected",
                        "target": "blank",
                      },
                      "ref": null,
                      "rendered": Object {
                        "instance": null,
                        "key": undefined,
                        "nodeType": "host",
                        "props": Object {
                          "className": "fab fa-twitter",
                        },
                        "ref": null,
                        "rendered": null,
                        "type": "i",
                      },
                      "type": [Function],
                    },
                    Object {
                      "instance": null,
                      "key": undefined,
                      "nodeType": "class",
                      "props": Object {
                        "children": <i
                          className="fab fa-slack-hash"
/>,
                        "href": "https://community.gitconnected.com",
                        "target": "blank",
                      },
                      "ref": null,
                      "rendered": Object {
                        "instance": null,
                        "key": undefined,
                        "nodeType": "host",
                        "props": Object {
                          "className": "fab fa-slack-hash",
                        },
                        "ref": null,
                        "rendered": null,
                        "type": "i",
                      },
                      "type": [Function],
                    },
                    Object {
                      "instance": null,
                      "key": undefined,
                      "nodeType": "class",
                      "props": Object {
                        "children": <i
                          className="fab fa-medium-m"
/>,
                        "href": "https://levelup.gitconnected.com",
                        "target": "blank",
                      },
                      "ref": null,
                      "rendered": Object {
                        "instance": null,
                        "key": undefined,
                        "nodeType": "host",
                        "props": Object {
                          "className": "fab fa-medium-m",
                        },
                        "ref": null,
                        "rendered": null,
                        "type": "i",
                      },
                      "type": [Function],
                    },
                    Object {
                      "instance": null,
                      "key": undefined,
                      "nodeType": "class",
                      "props": Object {
                        "children": <i
                          className="fab fa-facebook"
/>,
                        "href": "https://www.facebook.com/gitconnectednetwork",
                        "target": "blank",
                      },
                      "ref": null,
                      "rendered": Object {
                        "instance": null,
                        "key": undefined,
                        "nodeType": "host",
                        "props": Object {
                          "className": "fab fa-facebook",
                        },
                        "ref": null,
                        "rendered": null,
                        "type": "i",
                      },
                      "type": [Function],
                    },
                    Object {
                      "instance": null,
                      "key": undefined,
                      "nodeType": "class",
                      "props": Object {
                        "children": <i
                          className="fas fa-link"
/>,
                        "href": "https://gitconnected.com",
                        "target": "blank",
                      },
                      "ref": null,
                      "rendered": Object {
                        "instance": null,
                        "key": undefined,
                        "nodeType": "host",
                        "props": Object {
                          "className": "fas fa-link",
                        },
                        "ref": null,
                        "rendered": null,
                        "type": "i",
                      },
                      "type": [Function],
                    },
                  ],
                  "type": "div",
                },
              ],
              "type": [Function],
            },
            Object {
              "instance": null,
              "key": undefined,
              "nodeType": "class",
              "props": Object {
                "children": <List
                  stories={
                                    Array [
                                                      Object {
                                                        "by": "magoghm",
                                                        "descendants": 41,
                                                        "id": 18277531,
                                                        "kids": Array [
                                                          18277926,
                                                          18277900,
                                                          18278074,
                                                          18277699,
                                                          18277859,
                                                          18277835,
                                                          18277864,
                                                        ],
                                                        "score": 79,
                                                        "time": 1540236259,
                                                        "title": "AWS CEO Jassy follows Apple in calling for retraction of Chinese spy chip story",
                                                        "type": "story",
                                                        "url": "https://www.cnbc.com/2018/10/22/aws-ceo-jassy-follows-apple-calls-for-spy-chip-story-retraction.html",
                                                      },
                                                      Object {
                                                        "by": "NN88",
                                                        "descendants": 72,
                                                        "id": 18276862,
                                                        "kids": Array [
                                                          18277851,
                                                          18277773,
                                                          18277336,
                                                          18277638,
                                                          18277523,
                                                          18277196,
                                                          18277173,
                                                          18277302,
                                                          18277409,
                                                          18277700,
                                                          18277870,
                                                          18277390,
                                                          18277646,
                                                          18277581,
                                                          18277721,
                                                          18277324,
                                                          18277689,
                                                          18277514,
                                                          18277389,
                                                        ],
                                                        "score": 105,
                                                        "time": 1540231727,
                                                        "title": "The Secretive Business of Facial-Recognition Software in Retail Stores",
                                                        "type": "story",
                                                        "url": "http://nymag.com/intelligencer/2018/10/retailers-are-using-facial-recognition-technology-too.html",
                                                      },
                                                    ]
                  }
/>,
                "dataLength": 2,
                "disableBrowserPullToRefresh": true,
                "hasMore": false,
                "loader": <Loader />,
                "next": [Function],
                "pullDownToRefreshContent": <h3>
                  Pull down to refresh
</h3>,
                "pullDownToRefreshThreshold": 100,
                "releaseToRefreshContent": <h3>
                  Release to refresh
</h3>,
                "style": Object {
                  "height": "100%",
                  "overflow": "visible",
                },
              },
              "ref": null,
              "rendered": Object {
                "instance": null,
                "key": undefined,
                "nodeType": "class",
                "props": Object {
                  "stories": Array [
                    Object {
                      "by": "magoghm",
                      "descendants": 41,
                      "id": 18277531,
                      "kids": Array [
                        18277926,
                        18277900,
                        18278074,
                        18277699,
                        18277859,
                        18277835,
                        18277864,
                      ],
                      "score": 79,
                      "time": 1540236259,
                      "title": "AWS CEO Jassy follows Apple in calling for retraction of Chinese spy chip story",
                      "type": "story",
                      "url": "https://www.cnbc.com/2018/10/22/aws-ceo-jassy-follows-apple-calls-for-spy-chip-story-retraction.html",
                    },
                    Object {
                      "by": "NN88",
                      "descendants": 72,
                      "id": 18276862,
                      "kids": Array [
                        18277851,
                        18277773,
                        18277336,
                        18277638,
                        18277523,
                        18277196,
                        18277173,
                        18277302,
                        18277409,
                        18277700,
                        18277870,
                        18277390,
                        18277646,
                        18277581,
                        18277721,
                        18277324,
                        18277689,
                        18277514,
                        18277389,
                      ],
                      "score": 105,
                      "time": 1540231727,
                      "title": "The Secretive Business of Facial-Recognition Software in Retail Stores",
                      "type": "story",
                      "url": "http://nymag.com/intelligencer/2018/10/retailers-are-using-facial-recognition-technology-too.html",
                    },
                  ],
                },
                "ref": null,
                "rendered": null,
                "type": [Function],
              },
              "type": [Function],
            },
          ],
          "type": [Function],
        },
      ],
      "type": "div",
    },
    "type": [Function],
  },
  Symbol(enzyme.__nodes__): Array [
    Object {
      "instance": null,
      "key": undefined,
      "nodeType": "class",
      "props": Object {
        "children": <div>
          <Connect(Nav) />
          <styled.div>
                    <styled.div>
                              <styled.h1>
                                        // Hacker News Reader
                                         
                                        <styled.a
                                                  href="https://github.com/gitconnected/hacker-news-reader"
                                                  target="_blank"
                                        >
                                                  (build your own)
                                        </styled.a>
                              </styled.h1>
                              <div>
                                        <styled.a
                                                  href="https://twitter.com/gitconnected"
                                                  target="blank"
                                        >
                                                  <i
                                                            className="fab fa-twitter"
                                                  />
                                        </styled.a>
                                        <styled.a
                                                  href="https://community.gitconnected.com"
                                                  target="blank"
                                        >
                                                  <i
                                                            className="fab fa-slack-hash"
                                                  />
                                        </styled.a>
                                        <styled.a
                                                  href="https://levelup.gitconnected.com"
                                                  target="blank"
                                        >
                                                  <i
                                                            className="fab fa-medium-m"
                                                  />
                                        </styled.a>
                                        <styled.a
                                                  href="https://www.facebook.com/gitconnectednetwork"
                                                  target="blank"
                                        >
                                                  <i
                                                            className="fab fa-facebook"
                                                  />
                                        </styled.a>
                                        <styled.a
                                                  href="https://gitconnected.com"
                                                  target="blank"
                                        >
                                                  <i
                                                            className="fas fa-link"
                                                  />
                                        </styled.a>
                              </div>
                    </styled.div>
                    <InfiniteScroll
                              dataLength={2}
                              disableBrowserPullToRefresh={true}
                              hasMore={false}
                              loader={<Loader />}
                              next={[Function]}
                              pullDownToRefreshContent={
                                        <h3>
                                                  Pull down to refresh
                                        </h3>
                              }
                              pullDownToRefreshThreshold={100}
                              releaseToRefreshContent={
                                        <h3>
                                                  Release to refresh
                                        </h3>
                              }
                              style={
                                        Object {
                                                  "height": "100%",
                                                  "overflow": "visible",
                                                }
                              }
                    >
                              <List
                                        stories={
                                                  Array [
                                                            Object {
                                                              "by": "magoghm",
                                                              "descendants": 41,
                                                              "id": 18277531,
                                                              "kids": Array [
                                                                18277926,
                                                                18277900,
                                                                18278074,
                                                                18277699,
                                                                18277859,
                                                                18277835,
                                                                18277864,
                                                              ],
                                                              "score": 79,
                                                              "time": 1540236259,
                                                              "title": "AWS CEO Jassy follows Apple in calling for retraction of Chinese spy chip story",
                                                              "type": "story",
                                                              "url": "https://www.cnbc.com/2018/10/22/aws-ceo-jassy-follows-apple-calls-for-spy-chip-story-retraction.html",
                                                            },
                                                            Object {
                                                              "by": "NN88",
                                                              "descendants": 72,
                                                              "id": 18276862,
                                                              "kids": Array [
                                                                18277851,
                                                                18277773,
                                                                18277336,
                                                                18277638,
                                                                18277523,
                                                                18277196,
                                                                18277173,
                                                                18277302,
                                                                18277409,
                                                                18277700,
                                                                18277870,
                                                                18277390,
                                                                18277646,
                                                                18277581,
                                                                18277721,
                                                                18277324,
                                                                18277689,
                                                                18277514,
                                                                18277389,
                                                              ],
                                                              "score": 105,
                                                              "time": 1540231727,
                                                              "title": "The Secretive Business of Facial-Recognition Software in Retail Stores",
                                                              "type": "story",
                                                              "url": "http://nymag.com/intelligencer/2018/10/retailers-are-using-facial-recognition-technology-too.html",
                                                            },
                                                          ]
                                        }
                              />
                    </InfiniteScroll>
          </styled.div>
</div>,
        "theme": Object {
          "background": "#272727",
          "backgroundSecondary": "#393C3E",
          "border": "#272727",
          "text": "#bfbebe",
          "textSecondary": "#848886",
        },
      },
      "ref": null,
      "rendered": Object {
        "instance": null,
        "key": undefined,
        "nodeType": "host",
        "props": Object {
          "children": Array [
            <Connect(Nav) />,
            <styled.div>
              <styled.div>
                            <styled.h1>
                                          // Hacker News Reader
                                           
                                          <styled.a
                                                        href="https://github.com/gitconnected/hacker-news-reader"
                                                        target="_blank"
                                          >
                                                        (build your own)
                                          </styled.a>
                            </styled.h1>
                            <div>
                                          <styled.a
                                                        href="https://twitter.com/gitconnected"
                                                        target="blank"
                                          >
                                                        <i
                                                                      className="fab fa-twitter"
                                                        />
                                          </styled.a>
                                          <styled.a
                                                        href="https://community.gitconnected.com"
                                                        target="blank"
                                          >
                                                        <i
                                                                      className="fab fa-slack-hash"
                                                        />
                                          </styled.a>
                                          <styled.a
                                                        href="https://levelup.gitconnected.com"
                                                        target="blank"
                                          >
                                                        <i
                                                                      className="fab fa-medium-m"
                                                        />
                                          </styled.a>
                                          <styled.a
                                                        href="https://www.facebook.com/gitconnectednetwork"
                                                        target="blank"
                                          >
                                                        <i
                                                                      className="fab fa-facebook"
                                                        />
                                          </styled.a>
                                          <styled.a
                                                        href="https://gitconnected.com"
                                                        target="blank"
                                          >
                                                        <i
                                                                      className="fas fa-link"
                                                        />
                                          </styled.a>
                            </div>
              </styled.div>
              <InfiniteScroll
                            dataLength={2}
                            disableBrowserPullToRefresh={true}
                            hasMore={false}
                            loader={<Loader />}
                            next={[Function]}
                            pullDownToRefreshContent={
                                          <h3>
                                                        Pull down to refresh
                                          </h3>
                            }
                            pullDownToRefreshThreshold={100}
                            releaseToRefreshContent={
                                          <h3>
                                                        Release to refresh
                                          </h3>
                            }
                            style={
                                          Object {
                                                        "height": "100%",
                                                        "overflow": "visible",
                                                      }
                            }
              >
                            <List
                                          stories={
                                                        Array [
                                                                      Object {
                                                                        "by": "magoghm",
                                                                        "descendants": 41,
                                                                        "id": 18277531,
                                                                        "kids": Array [
                                                                          18277926,
                                                                          18277900,
                                                                          18278074,
                                                                          18277699,
                                                                          18277859,
                                                                          18277835,
                                                                          18277864,
                                                                        ],
                                                                        "score": 79,
                                                                        "time": 1540236259,
                                                                        "title": "AWS CEO Jassy follows Apple in calling for retraction of Chinese spy chip story",
                                                                        "type": "story",
                                                                        "url": "https://www.cnbc.com/2018/10/22/aws-ceo-jassy-follows-apple-calls-for-spy-chip-story-retraction.html",
                                                                      },
                                                                      Object {
                                                                        "by": "NN88",
                                                                        "descendants": 72,
                                                                        "id": 18276862,
                                                                        "kids": Array [
                                                                          18277851,
                                                                          18277773,
                                                                          18277336,
                                                                          18277638,
                                                                          18277523,
                                                                          18277196,
                                                                          18277173,
                                                                          18277302,
                                                                          18277409,
                                                                          18277700,
                                                                          18277870,
                                                                          18277390,
                                                                          18277646,
                                                                          18277581,
                                                                          18277721,
                                                                          18277324,
                                                                          18277689,
                                                                          18277514,
                                                                          18277389,
                                                                        ],
                                                                        "score": 105,
                                                                        "time": 1540231727,
                                                                        "title": "The Secretive Business of Facial-Recognition Software in Retail Stores",
                                                                        "type": "story",
                                                                        "url": "http://nymag.com/intelligencer/2018/10/retailers-are-using-facial-recognition-technology-too.html",
                                                                      },
                                                                    ]
                                          }
                            />
              </InfiniteScroll>
</styled.div>,
          ],
        },
        "ref": null,
        "rendered": Array [
          Object {
            "instance": null,
            "key": undefined,
            "nodeType": "class",
            "props": Object {},
            "ref": null,
            "rendered": null,
            "type": [Function],
          },
          Object {
            "instance": null,
            "key": undefined,
            "nodeType": "class",
            "props": Object {
              "children": Array [
                <styled.div>
                  <styled.h1>
                                    // Hacker News Reader
                                     
                                    <styled.a
                                                      href="https://github.com/gitconnected/hacker-news-reader"
                                                      target="_blank"
                                    >
                                                      (build your own)
                                    </styled.a>
                  </styled.h1>
                  <div>
                                    <styled.a
                                                      href="https://twitter.com/gitconnected"
                                                      target="blank"
                                    >
                                                      <i
                                                                        className="fab fa-twitter"
                                                      />
                                    </styled.a>
                                    <styled.a
                                                      href="https://community.gitconnected.com"
                                                      target="blank"
                                    >
                                                      <i
                                                                        className="fab fa-slack-hash"
                                                      />
                                    </styled.a>
                                    <styled.a
                                                      href="https://levelup.gitconnected.com"
                                                      target="blank"
                                    >
                                                      <i
                                                                        className="fab fa-medium-m"
                                                      />
                                    </styled.a>
                                    <styled.a
                                                      href="https://www.facebook.com/gitconnectednetwork"
                                                      target="blank"
                                    >
                                                      <i
                                                                        className="fab fa-facebook"
                                                      />
                                    </styled.a>
                                    <styled.a
                                                      href="https://gitconnected.com"
                                                      target="blank"
                                    >
                                                      <i
                                                                        className="fas fa-link"
                                                      />
                                    </styled.a>
                  </div>
</styled.div>,
                <InfiniteScroll
                  dataLength={2}
                  disableBrowserPullToRefresh={true}
                  hasMore={false}
                  loader={<Loader />}
                  next={[Function]}
                  pullDownToRefreshContent={
                                    <h3>
                                                      Pull down to refresh
                                    </h3>
                  }
                  pullDownToRefreshThreshold={100}
                  releaseToRefreshContent={
                                    <h3>
                                                      Release to refresh
                                    </h3>
                  }
                  style={
                                    Object {
                                                      "height": "100%",
                                                      "overflow": "visible",
                                                    }
                  }
>
                  <List
                                    stories={
                                                      Array [
                                                                        Object {
                                                                          "by": "magoghm",
                                                                          "descendants": 41,
                                                                          "id": 18277531,
                                                                          "kids": Array [
                                                                            18277926,
                                                                            18277900,
                                                                            18278074,
                                                                            18277699,
                                                                            18277859,
                                                                            18277835,
                                                                            18277864,
                                                                          ],
                                                                          "score": 79,
                                                                          "time": 1540236259,
                                                                          "title": "AWS CEO Jassy follows Apple in calling for retraction of Chinese spy chip story",
                                                                          "type": "story",
                                                                          "url": "https://www.cnbc.com/2018/10/22/aws-ceo-jassy-follows-apple-calls-for-spy-chip-story-retraction.html",
                                                                        },
                                                                        Object {
                                                                          "by": "NN88",
                                                                          "descendants": 72,
                                                                          "id": 18276862,
                                                                          "kids": Array [
                                                                            18277851,
                                                                            18277773,
                                                                            18277336,
                                                                            18277638,
                                                                            18277523,
                                                                            18277196,
                                                                            18277173,
                                                                            18277302,
                                                                            18277409,
                                                                            18277700,
                                                                            18277870,
                                                                            18277390,
                                                                            18277646,
                                                                            18277581,
                                                                            18277721,
                                                                            18277324,
                                                                            18277689,
                                                                            18277514,
                                                                            18277389,
                                                                          ],
                                                                          "score": 105,
                                                                          "time": 1540231727,
                                                                          "title": "The Secretive Business of Facial-Recognition Software in Retail Stores",
                                                                          "type": "story",
                                                                          "url": "http://nymag.com/intelligencer/2018/10/retailers-are-using-facial-recognition-technology-too.html",
                                                                        },
                                                                      ]
                                    }
                  />
</InfiniteScroll>,
              ],
            },
            "ref": null,
            "rendered": Array [
              Object {
                "instance": null,
                "key": undefined,
                "nodeType": "class",
                "props": Object {
                  "children": Array [
                    <styled.h1>
                      // Hacker News Reader
                       
                      <styled.a
                                            href="https://github.com/gitconnected/hacker-news-reader"
                                            target="_blank"
                      >
                                            (build your own)
                      </styled.a>
</styled.h1>,
                    <div>
                      <styled.a
                                            href="https://twitter.com/gitconnected"
                                            target="blank"
                      >
                                            <i
                                                                  className="fab fa-twitter"
                                            />
                      </styled.a>
                      <styled.a
                                            href="https://community.gitconnected.com"
                                            target="blank"
                      >
                                            <i
                                                                  className="fab fa-slack-hash"
                                            />
                      </styled.a>
                      <styled.a
                                            href="https://levelup.gitconnected.com"
                                            target="blank"
                      >
                                            <i
                                                                  className="fab fa-medium-m"
                                            />
                      </styled.a>
                      <styled.a
                                            href="https://www.facebook.com/gitconnectednetwork"
                                            target="blank"
                      >
                                            <i
                                                                  className="fab fa-facebook"
                                            />
                      </styled.a>
                      <styled.a
                                            href="https://gitconnected.com"
                                            target="blank"
                      >
                                            <i
                                                                  className="fas fa-link"
                                            />
                      </styled.a>
</div>,
                  ],
                },
                "ref": null,
                "rendered": Array [
                  Object {
                    "instance": null,
                    "key": undefined,
                    "nodeType": "class",
                    "props": Object {
                      "children": Array [
                        "// Hacker News Reader",
                        " ",
                        <styled.a
                          href="https://github.com/gitconnected/hacker-news-reader"
                          target="_blank"
>
                          (build your own)
</styled.a>,
                      ],
                    },
                    "ref": null,
                    "rendered": Array [
                      "// Hacker News Reader",
                      " ",
                      Object {
                        "instance": null,
                        "key": undefined,
                        "nodeType": "class",
                        "props": Object {
                          "children": "(build your own)",
                          "href": "https://github.com/gitconnected/hacker-news-reader",
                          "target": "_blank",
                        },
                        "ref": null,
                        "rendered": "(build your own)",
                        "type": [Function],
                      },
                    ],
                    "type": [Function],
                  },
                  Object {
                    "instance": null,
                    "key": undefined,
                    "nodeType": "host",
                    "props": Object {
                      "children": Array [
                        <styled.a
                          href="https://twitter.com/gitconnected"
                          target="blank"
>
                          <i
                                                    className="fab fa-twitter"
                          />
</styled.a>,
                        <styled.a
                          href="https://community.gitconnected.com"
                          target="blank"
>
                          <i
                                                    className="fab fa-slack-hash"
                          />
</styled.a>,
                        <styled.a
                          href="https://levelup.gitconnected.com"
                          target="blank"
>
                          <i
                                                    className="fab fa-medium-m"
                          />
</styled.a>,
                        <styled.a
                          href="https://www.facebook.com/gitconnectednetwork"
                          target="blank"
>
                          <i
                                                    className="fab fa-facebook"
                          />
</styled.a>,
                        <styled.a
                          href="https://gitconnected.com"
                          target="blank"
>
                          <i
                                                    className="fas fa-link"
                          />
</styled.a>,
                      ],
                    },
                    "ref": null,
                    "rendered": Array [
                      Object {
                        "instance": null,
                        "key": undefined,
                        "nodeType": "class",
                        "props": Object {
                          "children": <i
                            className="fab fa-twitter"
/>,
                          "href": "https://twitter.com/gitconnected",
                          "target": "blank",
                        },
                        "ref": null,
                        "rendered": Object {
                          "instance": null,
                          "key": undefined,
                          "nodeType": "host",
                          "props": Object {
                            "className": "fab fa-twitter",
                          },
                          "ref": null,
                          "rendered": null,
                          "type": "i",
                        },
                        "type": [Function],
                      },
                      Object {
                        "instance": null,
                        "key": undefined,
                        "nodeType": "class",
                        "props": Object {
                          "children": <i
                            className="fab fa-slack-hash"
/>,
                          "href": "https://community.gitconnected.com",
                          "target": "blank",
                        },
                        "ref": null,
                        "rendered": Object {
                          "instance": null,
                          "key": undefined,
                          "nodeType": "host",
                          "props": Object {
                            "className": "fab fa-slack-hash",
                          },
                          "ref": null,
                          "rendered": null,
                          "type": "i",
                        },
                        "type": [Function],
                      },
                      Object {
                        "instance": null,
                        "key": undefined,
                        "nodeType": "class",
                        "props": Object {
                          "children": <i
                            className="fab fa-medium-m"
/>,
                          "href": "https://levelup.gitconnected.com",
                          "target": "blank",
                        },
                        "ref": null,
                        "rendered": Object {
                          "instance": null,
                          "key": undefined,
                          "nodeType": "host",
                          "props": Object {
                            "className": "fab fa-medium-m",
                          },
                          "ref": null,
                          "rendered": null,
                          "type": "i",
                        },
                        "type": [Function],
                      },
                      Object {
                        "instance": null,
                        "key": undefined,
                        "nodeType": "class",
                        "props": Object {
                          "children": <i
                            className="fab fa-facebook"
/>,
                          "href": "https://www.facebook.com/gitconnectednetwork",
                          "target": "blank",
                        },
                        "ref": null,
                        "rendered": Object {
                          "instance": null,
                          "key": undefined,
                          "nodeType": "host",
                          "props": Object {
                            "className": "fab fa-facebook",
                          },
                          "ref": null,
                          "rendered": null,
                          "type": "i",
                        },
                        "type": [Function],
                      },
                      Object {
                        "instance": null,
                        "key": undefined,
                        "nodeType": "class",
                        "props": Object {
                          "children": <i
                            className="fas fa-link"
/>,
                          "href": "https://gitconnected.com",
                          "target": "blank",
                        },
                        "ref": null,
                        "rendered": Object {
                          "instance": null,
                          "key": undefined,
                          "nodeType": "host",
                          "props": Object {
                            "className": "fas fa-link",
                          },
                          "ref": null,
                          "rendered": null,
                          "type": "i",
                        },
                        "type": [Function],
                      },
                    ],
                    "type": "div",
                  },
                ],
                "type": [Function],
              },
              Object {
                "instance": null,
                "key": undefined,
                "nodeType": "class",
                "props": Object {
                  "children": <List
                    stories={
                                        Array [
                                                            Object {
                                                              "by": "magoghm",
                                                              "descendants": 41,
                                                              "id": 18277531,
                                                              "kids": Array [
                                                                18277926,
                                                                18277900,
                                                                18278074,
                                                                18277699,
                                                                18277859,
                                                                18277835,
                                                                18277864,
                                                              ],
                                                              "score": 79,
                                                              "time": 1540236259,
                                                              "title": "AWS CEO Jassy follows Apple in calling for retraction of Chinese spy chip story",
                                                              "type": "story",
                                                              "url": "https://www.cnbc.com/2018/10/22/aws-ceo-jassy-follows-apple-calls-for-spy-chip-story-retraction.html",
                                                            },
                                                            Object {
                                                              "by": "NN88",
                                                              "descendants": 72,
                                                              "id": 18276862,
                                                              "kids": Array [
                                                                18277851,
                                                                18277773,
                                                                18277336,
                                                                18277638,
                                                                18277523,
                                                                18277196,
                                                                18277173,
                                                                18277302,
                                                                18277409,
                                                                18277700,
                                                                18277870,
                                                                18277390,
                                                                18277646,
                                                                18277581,
                                                                18277721,
                                                                18277324,
                                                                18277689,
                                                                18277514,
                                                                18277389,
                                                              ],
                                                              "score": 105,
                                                              "time": 1540231727,
                                                              "title": "The Secretive Business of Facial-Recognition Software in Retail Stores",
                                                              "type": "story",
                                                              "url": "http://nymag.com/intelligencer/2018/10/retailers-are-using-facial-recognition-technology-too.html",
                                                            },
                                                          ]
                    }
/>,
                  "dataLength": 2,
                  "disableBrowserPullToRefresh": true,
                  "hasMore": false,
                  "loader": <Loader />,
                  "next": [Function],
                  "pullDownToRefreshContent": <h3>
                    Pull down to refresh
</h3>,
                  "pullDownToRefreshThreshold": 100,
                  "releaseToRefreshContent": <h3>
                    Release to refresh
</h3>,
                  "style": Object {
                    "height": "100%",
                    "overflow": "visible",
                  },
                },
                "ref": null,
                "rendered": Object {
                  "instance": null,
                  "key": undefined,
                  "nodeType": "class",
                  "props": Object {
                    "stories": Array [
                      Object {
                        "by": "magoghm",
                        "descendants": 41,
                        "id": 18277531,
                        "kids": Array [
                          18277926,
                          18277900,
                          18278074,
                          18277699,
                          18277859,
                          18277835,
                          18277864,
                        ],
                        "score": 79,
                        "time": 1540236259,
                        "title": "AWS CEO Jassy follows Apple in calling for retraction of Chinese spy chip story",
                        "type": "story",
                        "url": "https://www.cnbc.com/2018/10/22/aws-ceo-jassy-follows-apple-calls-for-spy-chip-story-retraction.html",
                      },
                      Object {
                        "by": "NN88",
                        "descendants": 72,
                        "id": 18276862,
                        "kids": Array [
                          18277851,
                          18277773,
                          18277336,
                          18277638,
                          18277523,
                          18277196,
                          18277173,
                          18277302,
                          18277409,
                          18277700,
                          18277870,
                          18277390,
                          18277646,
                          18277581,
                          18277721,
                          18277324,
                          18277689,
                          18277514,
                          18277389,
                        ],
                        "score": 105,
                        "time": 1540231727,
                        "title": "The Secretive Business of Facial-Recognition Software in Retail Stores",
                        "type": "story",
                        "url": "http://nymag.com/intelligencer/2018/10/retailers-are-using-facial-recognition-technology-too.html",
                      },
                    ],
                  },
                  "ref": null,
                  "rendered": null,
                  "type": [Function],
                },
                "type": [Function],
              },
            ],
            "type": [Function],
          },
        ],
        "type": "div",
      },
      "type": [Function],
    },
  ],
  Symbol(enzyme.__options__): Object {
    "adapter": ReactSixteenAdapter {
      "options": Object {
        "enableComponentDidUpdateOnSetState": true,
        "lifecycles": Object {
          "componentDidUpdate": Object {
            "onSetState": true,
          },
          "getDerivedStateFromProps": true,
          "getSnapshotBeforeUpdate": true,
          "setState": Object {
            "skipsComponentDidUpdateOnNullish": true,
          },
        },
      },
    },
  },
}
`;
